[2026-08-18 20:28:27,121] 200 root - INFO - Entered Data Ingestion Method
[2026-08-18 20:28:27,167] 203 root - INFO - Read the Dataset as DataFrame
[2026-08-18 20:28:27,173] 219 root - INFO - Train Test Split Initiated
[2026-08-18 20:28:27,193] 228 root - INFO - Ingestion of the Data is completed
[2026-08-18 20:28:27,197] 275 root - INFO - Read Train and Test Data completed
[2026-08-18 20:28:27,198] 277 root - INFO - Obtaining preprocessing object
[2026-08-18 20:28:27,198] 236 root - INFO - Numerical Cols   : ['writing_score', 'reading_score']
[2026-08-18 20:28:27,198] 237 root - INFO - Categorical Cols : ['gender', 'race_ethnicity', 'parental_level_of_education', 'lunch', 'test_preparation_course']
[2026-08-18 20:28:27,203] 296 root - INFO - Applying preprocessor on Training and Test Data
[2026-08-18 20:28:27,250] 326 root - INFO - Preprocessor pickle saved
[2026-08-18 20:28:27,250] 62 root - INFO - Splitting train and test arrays into X, y
[2026-08-18 20:28:29,546] 94 root - INFO - Linear Regression — best params: {}
[2026-08-18 20:28:31,514] 94 root - INFO - LassoCV — best params: {}
[2026-08-18 20:28:33,392] 94 root - INFO - RidgeCV — best params: {}
[2026-08-18 20:28:35,020] 94 root - INFO - K-Neighbors Regressor — best params: {'n_neighbors': 9, 'weights': 'distance'}
[2026-08-18 20:28:35,083] 94 root - INFO - Decision Tree — best params: {'criterion': 'poisson'}
[2026-08-18 20:28:36,317] 94 root - INFO - Random Forest Regressor — best params: {'n_estimators': 256}
[2026-08-18 20:28:39,780] 94 root - INFO - CatBoosting Regressor — best params: {'depth': 6, 'iterations': 100, 'learning_rate': 0.1}
[2026-08-18 20:28:42,010] 94 root - INFO - AdaBoost Regressor — best params: {'learning_rate': 0.5, 'n_estimators': 256}
[2026-08-18 20:28:42,852] 94 root - INFO - XGBRegressor — best params: {'learning_rate': 0.05, 'n_estimators': 64}
[2026-08-18 20:28:42,876] 160 root - INFO - Best Model Found: LassoCV with R2: 0.8806939009070652
[2026-08-18 20:28:42,877] 172 root - INFO - Final Test R2 Score: 0.8806939009070652
